// Jest Snapshot v1, https://goo.gl/fbAQLP

exports[`<UserManagement />  should match its reference snapshot 1`] = `
<Provider
  store={
    Object {
      "clearActions": [Function],
      "dispatch": [Function],
      "getActions": [Function],
      "getState": [Function],
      "replaceReducer": [Function],
      "subscribe": [Function],
    }
  }
>
  <MemoryRouter
    initialEntries={
      Array [
        Object {
          "key": "invariableKeyForSnapshot",
          "pathname": "/users?tab=admin",
        },
      ]
    }
  >
    <Router
      history={
        Object {
          "action": "POP",
          "block": [Function],
          "canGo": [Function],
          "createHref": [Function],
          "entries": Array [
            Object {
              "hash": "",
              "key": "invariableKeyForSnapshot",
              "pathname": "/users?tab=admin",
              "search": "",
            },
          ],
          "go": [Function],
          "goBack": [Function],
          "goForward": [Function],
          "index": 0,
          "length": 1,
          "listen": [Function],
          "location": Object {
            "hash": "",
            "key": "invariableKeyForSnapshot",
            "pathname": "/users?tab=admin",
            "search": "",
          },
          "push": [Function],
          "replace": [Function],
        }
      }
    >
      <Route
        path={
          Array [
            "/users",
          ]
        }
      />
    </Router>
  </MemoryRouter>
</Provider>
`;
